>>> say_my_name = __import__('3-say_my_name').say_my_name
>>> say_my_name("boda", "lili")
My name is boda lili
>>> say_my_name(55, "lili")
Traceback (most recent call last):
   ...
TypeError: first_name must be a string
>>> say_my_name("lili", 55)
Traceback (most recent call last):
   ...
TypeError: last_name must be a string
>>> say_my_name(55, 55)
Traceback (most recent call last):
   ...
TypeError: first_name must be a string
>>> say_my_name(55, "lili")
Traceback (most recent call last):
   ...
TypeError: first_name must be a string
>>> say_my_name("boda")
My name is boda
>>> say_my_name()
Traceback (most recent call last):
  ...
TypeError: say_my_name() missing 1 required positional argument: 'first_name'

